I'm sorry, but errors were detected in your script. Please correct the
errors listed below, and try again.


File "game/script.rpy", line 24: expected statement.
    transfrom elon smi
                      ^

Ren'Py Version: Ren'Py 7.3.2.320
Mon Jul 22 13:24:03 2019
